<?xml version="1.0" encoding="UTF-8"?>
<metadata>
    <groupId>grunt-nexus-deployer</groupId>
    <artifactId>grunt-nexus-deployer</artifactId>
    <versioning>
        <latest>1.2</latest>
        <versions>
            <version>1.2</version>
        </versions>
        <lastUpdated>11111111111111</lastUpdated>
    </versioning>
</metadata>
